// Jest Snapshot v1, https://goo.gl/fbAQLP

exports[`ManaSelector matches snapshot 1`] = `
<div
  className="manaSelector"
>
  <div
    className="manaRow"
  >
    <img
      className="manaButton"
      onClick={[Function]}
      src="/images/mtga-button-transparent.png"
    />
    <span
      className="manaContainer"
    >
      <i
        className="ms ms-w ms-cost ms-shadow"
      />
      <span
        className="manaText"
      >
        5
      </span>
    </span>
    <img
      className="manaButton"
      onClick={[Function]}
      src="/images/mtga-button-minus.png"
    />
  </div>
  <div
    className="manaRow"
  >
    <img
      className="manaButton"
      onClick={[Function]}
      src="/images/mtga-button-transparent.png"
    />
    <span
      className="manaContainer"
    >
      <i
        className="ms ms-u ms-cost ms-shadow"
      />
      <span
        className="manaText"
      >
        4
      </span>
    </span>
    <img
      className="manaButton"
      onClick={[Function]}
      src="/images/mtga-button-minus.png"
    />
  </div>
  <div
    className="manaRow"
  >
    <img
      className="manaButton"
      onClick={[Function]}
      src="/images/mtga-button-transparent.png"
    />
    <span
      className="manaContainer"
    >
      <i
        className="ms ms-b ms-cost ms-shadow"
      />
      <span
        className="manaText"
      >
        3
      </span>
    </span>
    <img
      className="manaButton"
      onClick={[Function]}
      src="/images/mtga-button-minus.png"
    />
  </div>
  <div
    className="manaRow"
  >
    <img
      className="manaButton"
      onClick={[Function]}
      src="/images/mtga-button-transparent.png"
    />
    <span
      className="manaContainer"
    >
      <i
        className="ms ms-r ms-cost ms-shadow"
      />
      <span
        className="manaText"
      >
        2
      </span>
    </span>
    <img
      className="manaButton"
      onClick={[Function]}
      src="/images/mtga-button-minus.png"
    />
  </div>
  <div
    className="manaRow"
  >
    <img
      className="manaButton"
      onClick={[Function]}
      src="/images/mtga-button-transparent.png"
    />
    <span
      className="manaContainer"
    >
      <i
        className="ms ms-g ms-cost ms-shadow"
      />
      <span
        className="manaText"
      >
        1
      </span>
    </span>
    <img
      className="manaButton"
      onClick={[Function]}
      src="/images/mtga-button-minus.png"
    />
  </div>
  <div
    className="manaRow"
  >
    <img
      className="manaButton"
      onClick={[Function]}
      src="/images/mtga-button-transparent.png"
    />
    <span
      className="manaContainer"
    >
      <i
        className="ms ms-c ms-cost ms-shadow"
      />
      <span
        className="manaText"
      >
        0
      </span>
    </span>
    <img
      className="manaButton"
      onClick={[Function]}
      src="/images/mtga-button-minus.png"
    />
  </div>
  <div>
    <button
      className="button is-small"
      onClick={[Function]}
    >
       Clear Mana
    </button>
  </div>
</div>
`;
