// Jest Snapshot v1, https://goo.gl/fbAQLP

exports[`searchSelector matches snapshot 1`] = `
<div
  className="searchSelector"
>
   
  <select
    className="select is-small"
    onChange={[Function]}
  >
    <option
      value="STANDARD"
    >
      STANDARD
    </option>
    <option
      value="HISTORIC"
    >
      HISTORIC
    </option>
    <option
      value="M19"
    >
      M19
    </option>
    <option
      value="DOM"
    >
      DOM
    </option>
    <option
      value="RIX"
    >
      RIX
    </option>
    <option
      value="XLN"
    >
      XLN
    </option>
    <option
      value="HOU"
    >
      HOU
    </option>
    <option
      value="AKH"
    >
      AKH
    </option>
    <option
      value="AER"
    >
      AER
    </option>
    <option
      value="KLD"
    >
      KLD
    </option>
    <option
      value="GRN"
    >
      GRN
    </option>
    <option
      value="RNA"
    >
      RNA
    </option>
    <option
      value="WAR"
    >
      WAR
    </option>
    <option
      value="M20"
    >
      M20
    </option>
    <option
      value="ELD"
    >
      ELD
    </option>
    <option
      value="THB"
    >
      THB
    </option>
    <option
      value="IKO"
    >
      IKO
    </option>
    <option
      value="M21"
    >
      M21
    </option>
    <option
      value="AKR"
    >
      AKR
    </option>
    <option
      value="ZKR"
    >
      ZKR
    </option>
  </select>
  <button
    className="button is-small"
    onClick={[Function]}
  >
     Get Cards 
  </button>
  <button
    className="button is-small"
    onClick={[Function]}
  >
     Clear Cards 
  </button>
  <select
    className="select is-small"
    onChange={[Function]}
  >
    <option
      value="sortName"
    >
       Sort by Name 
    </option>
    <option
      value="sortColor"
    >
       Sort by Color 
    </option>
    <option
      value="sortCMC"
    >
       Sort by CMC 
    </option>
    <option
      value="sortPrice"
    >
       Sort by Price 
    </option>
    <option
      value="sortCollector"
    >
       Sort by Collector 
    </option>
    <option
      value="sortRarity"
    >
       Sort by Rarity 
    </option>
  </select>
  <input
    onClick={[Function]}
    type="checkbox"
  />
   Only show tricks
  <input
    defaultChecked={true}
    onChange={[Function]}
    type="checkbox"
  />
   Exclude Lands
</div>
`;
